// Jest Snapshot v1, https://goo.gl/fbAQLP

exports[`Make tests on HomePage component make a snapshot test 1`] = `
<DocumentFragment>
  <div
    class="searchHeader"
  >
    <h1>
      Movies
    </h1>
    <input
      list="movieTitle"
      name="movieSearch"
      placeholder="Search"
      type="text"
    />
  </div>
  <div
    class="searchElement"
  >
    <div
      class="searchFooter"
    />
  </div>
  <div
    class="navbar"
  >
    <div
      class="movieType"
    >
      <nav>
        <div>
          <p
            class="activeNav"
            data-navtype="trendings"
          >
            Trending
          </p>
        </div>
        <div>
          <p
            class="nonActiveNav"
            data-navtype="toprated"
          >
            Top Rated
          </p>
        </div>
        <div>
          <p
            class="nonActiveNav"
            data-navtype="upcoming"
          >
            Coming Soon
          </p>
        </div>
        <div>
          <select
            class="nonActiveNav"
          >
            <option
              value="Genre"
            >
              Genre
            </option>
          </select>
        </div>
      </nav>
    </div>
    <div
      class="grids"
    >
      <button
        class="activeButton"
        type="button"
      >
        <svg
          data-testid="verticalGrid"
          fill="currentColor"
          height="1em"
          stroke="currentColor"
          stroke-width="0"
          style="font-size: 30px; cursor: pointer;"
          viewBox="0 0 16 16"
          width="1em"
          xmlns="http://www.w3.org/2000/svg"
        >
          <path
            d="M1 2a1 1 0 0 1 1-1h2a1 1 0 0 1 1 1v2a1 1 0 0 1-1 1H2a1 1 0 0 1-1-1V2zm5 0a1 1 0 0 1 1-1h2a1 1 0 0 1 1 1v2a1 1 0 0 1-1 1H7a1 1 0 0 1-1-1V2zm5 0a1 1 0 0 1 1-1h2a1 1 0 0 1 1 1v2a1 1 0 0 1-1 1h-2a1 1 0 0 1-1-1V2zM1 7a1 1 0 0 1 1-1h2a1 1 0 0 1 1 1v2a1 1 0 0 1-1 1H2a1 1 0 0 1-1-1V7zm5 0a1 1 0 0 1 1-1h2a1 1 0 0 1 1 1v2a1 1 0 0 1-1 1H7a1 1 0 0 1-1-1V7zm5 0a1 1 0 0 1 1-1h2a1 1 0 0 1 1 1v2a1 1 0 0 1-1 1h-2a1 1 0 0 1-1-1V7zM1 12a1 1 0 0 1 1-1h2a1 1 0 0 1 1 1v2a1 1 0 0 1-1 1H2a1 1 0 0 1-1-1v-2zm5 0a1 1 0 0 1 1-1h2a1 1 0 0 1 1 1v2a1 1 0 0 1-1 1H7a1 1 0 0 1-1-1v-2zm5 0a1 1 0 0 1 1-1h2a1 1 0 0 1 1 1v2a1 1 0 0 1-1 1h-2a1 1 0 0 1-1-1v-2z"
          />
        </svg>
      </button>
      <button
        class="button"
        id="horizontal"
        type="button"
      >
        <svg
          data-testid="horizontalGrid"
          fill="currentColor"
          height="1em"
          stroke="currentColor"
          stroke-width="0"
          style="font-size: 30px; cursor: pointer;"
          viewBox="0 0 512 512"
          width="1em"
          xmlns="http://www.w3.org/2000/svg"
        >
          <path
            d="M496 288H16c-8.8 0-16 7.2-16 16v32c0 8.8 7.2 16 16 16h480c8.8 0 16-7.2 16-16v-32c0-8.8-7.2-16-16-16zm0-128H16c-8.8 0-16 7.2-16 16v32c0 8.8 7.2 16 16 16h480c8.8 0 16-7.2 16-16v-32c0-8.8-7.2-16-16-16z"
          />
        </svg>
      </button>
    </div>
  </div>
  <div
    class="movieListContainer"
  >
    <div
      class="loader"
    >
      <span />
      <span />
      <span />
    </div>
    <button
      class="seeMore"
      type="button"
    >
      See More
    </button>
  </div>
</DocumentFragment>
`;
